******************************************************************************
                  TI ARM Linker PC v16.9.1                     
******************************************************************************
>> Linked Sun Oct 22 19:43:00 2017

OUTPUT FILE NAME:   <CutterCamera.out>
ENTRY POINT SYMBOL: "_c_int00"  address: 00002165


MEMORY CONFIGURATION

         name            origin    length      used     unused   attr    fill
----------------------  --------  ---------  --------  --------  ----  --------
  FLASH                 00000000   00100000  00002fbe  000fd042  R  X
  SRAM                  20000000   00040000  0002610c  00019ef4  RW X


SEGMENT ALLOCATION MAP

run origin  load origin   length   init length attrs members
----------  ----------- ---------- ----------- ----- -------
00000000    00000000    00002fc0   00002fc0    r-x
  00000000    00000000    00000208   00000208    r-- .intvecs
  00000208    00000208    000025ea   000025ea    r-x .text
  000027f4    000027f4    00000774   00000774    r-- .const
  00002f68    00002f68    00000058   00000058    r-- .cinit
20000000    20000000    000002c0   00000000    rw-
  20000000    20000000    0000026c   00000000    rw- .vtable
  2000026c    2000026c    00000054   00000000    rw- .data
20000400    20000400    00025e4c   00000000    rw-
  20000400    20000400    00025c4c   00000000    rw- .bss
  2002604c    2002604c    00000200   00000000    rw- .stack


SECTION ALLOCATION MAP

 output                                  attributes/
section   page    origin      length       input sections
--------  ----  ----------  ----------   ----------------
.intvecs   0    00000000    00000208     
                  00000000    00000208     tm4c1294ncpdt_startup_ccs.obj (.intvecs)

.text      0    00000208    000025ea     
                  00000208    0000098c     hardware.obj (.text)
                  00000b94    00000654     motor.obj (.text)
                  000011e8    00000474     ov7725.obj (.text)
                  0000165c    00000314     dbg.obj (.text)
                  00001970    00000220     main.obj (.text)
                  00001b90    000001ec     driverlib.lib : sysctl.obj (.text:SysCtlClockFreqSet)
                  00001d7c    00000132                   : gpio.obj (.text:GPIOPadConfigSet)
                  00001eae    0000009c     rtsv7M4_T_le_v4SPD16_eabi.lib : memcpy_t2.obj (.text)
                  00001f4a    0000007a                                   : memset_t2.obj (.text)
                  00001fc4    00000070                                   : autoinit.obj (.text)
                  00002034    00000068     driverlib.lib : interrupt.obj (.text:IntEnable)
                  0000209c    00000068     rtsv7M4_T_le_v4SPD16_eabi.lib : copy_decompress_lzss.obj (.text:decompress:lzss)
                  00002104    00000060     driverlib.lib : timer.obj (.text:TimerConfigure)
                  00002164    00000054     rtsv7M4_T_le_v4SPD16_eabi.lib : boot.obj (.text)
                  000021b8    00000054                                   : exit.obj (.text)
                  0000220c    0000004c     driverlib.lib : i2c.obj (.text:I2CMasterInitExpClk)
                  00002258    0000004c                   : timer.obj (.text:_TimerIntNumberGet)
                  000022a4    0000004c     rtsv7M4_T_le_v4SPD16_eabi.lib : cpy_tbl.obj (.text)
                  000022f0    00000048     driverlib.lib : gpio.obj (.text:GPIOPinConfigure)
                  00002338    00000048                   : sysctl.obj (.text:_SysCtlFrequencyGet)
                  00002380    00000048                   : udma.obj (.text:uDMAChannelAttributeDisable)
                  000023c8    00000040                   : gpio.obj (.text:_GPIOIntNumberGet)
                  00002408    00000040     encoder.obj (.text)
                  00002448    00000038     driverlib.lib : sysctl.obj (.text:SysCtlPeripheralReady)
                  00002480    00000034                   : interrupt.obj (.text:IntRegister)
                  000024b4    00000034                   : sysctl.obj (.text:SysCtlPeripheralEnable)
                  000024e8    0000002a                   : gpio.obj (.text:GPIODirModeSet)
                  00002512    00000022                   : pwm.obj (.text:PWMGenConfigure)
                  00002534    00000020                   : sysctl.obj (.text:_SysCtlMemTimingGet)
                  00002554    0000001e                   : pwm.obj (.text:PWMPulseWidthSet)
                  00002572    00000018                   : gpio.obj (.text:GPIOIntRegister)
                  0000258a    00000018                   : timer.obj (.text:TimerControlLevel)
                  000025a2    00000018                   : timer.obj (.text:TimerControlStall)
                  000025ba    00000018                   : timer.obj (.text:TimerIntRegister)
                  000025d2    00000002     rtsv7M4_T_le_v4SPD16_eabi.lib : mpu_init.obj (.text)
                  000025d4    00000018                                   : args_main.obj (.text)
                  000025ec    00000016     driverlib.lib : i2c.obj (.text:I2CMasterErr)
                  00002602    00000016                   : timer.obj (.text:TimerControlEvent)
                  00002618    00000014                   : pwm.obj (.text:PWMClockSet)
                  0000262c    00000014     rtsv7M4_T_le_v4SPD16_eabi.lib : _lock.obj (.text)
                  00002640    00000012     driverlib.lib : gpio.obj (.text:GPIOPinTypeI2C)
                  00002652    00000012                   : gpio.obj (.text:GPIOPinTypeI2CSCL)
                  00002664    00000012                   : gpio.obj (.text:GPIOPinTypePWM)
                  00002676    00000012                   : gpio.obj (.text:GPIOPinTypeTimer)
                  00002688    00000012                   : pwm.obj (.text:PWMGenPeriodGet)
                  0000269a    00000012                   : pwm.obj (.text:PWMOutputState)
                  000026ac    00000012                   : timer.obj (.text:TimerLoadSet)
                  000026be    00000012                   : timer.obj (.text:TimerMatchSet)
                  000026d0    00000012                   : timer.obj (.text:TimerPrescaleMatchSet)
                  000026e2    00000012                   : timer.obj (.text:TimerPrescaleSet)
                  000026f4    00000010                   : interrupt.obj (.text:IntMasterDisable)
                  00002704    00000010                   : interrupt.obj (.text:IntMasterEnable)
                  00002714    00000010                   : pwm.obj (.text:PWMGenPeriodSet)
                  00002724    0000000e                   : gpio.obj (.text:GPIOIntDisable)
                  00002732    0000000e                   : timer.obj (.text:TimerEnable)
                  00002740    0000000e     rtsv7M4_T_le_v4SPD16_eabi.lib : copy_decompress_none.obj (.text:decompress:none)
                  0000274e    0000000c     driverlib.lib : cpu.obj (.text:CPUcpsid)
                  0000275a    0000000c                   : cpu.obj (.text:CPUcpsie)
                  00002766    0000000c                   : gpio.obj (.text:GPIODMATriggerEnable)
                  00002772    0000000c                   : gpio.obj (.text:GPIOIntEnable)
                  0000277e    0000000c                   : pwm.obj (.text:PWMGenEnable)
                  0000278a    0000000c     rtsv7M4_T_le_v4SPD16_eabi.lib : copy_zero_init.obj (.text:decompress:ZI)
                  00002796    0000000c     tm4c1294ncpdt_startup_ccs.obj (.text)
                  000027a2    0000000a     driverlib.lib : i2c.obj (.text:I2CMasterEnable)
                  000027ac    0000000a                   : timer.obj (.text:TimerValueGet)
                  000027b6    00000008                   : i2c.obj (.text:I2CMasterBusy)
                  000027be    00000008                   : i2c.obj (.text:I2CMasterSlaveAddrSet)
                  000027c6    00000006                   : gpio.obj (.text:GPIOIntClear)
                  000027cc    00000006                   : gpio.obj (.text:GPIOPinWrite)
                  000027d2    00000006                   : sysctl.obj (.text:SysCtlDelay)
                  000027d8    00000004                   : i2c.obj (.text:I2CMasterControl)
                  000027dc    00000004                   : i2c.obj (.text:I2CMasterDataGet)
                  000027e0    00000004                   : i2c.obj (.text:I2CMasterDataPut)
                  000027e4    00000004                   : i2c.obj (.text:I2CMasterTimeoutSet)
                  000027e8    00000004                   : timer.obj (.text:TimerDMAEventSet)
                  000027ec    00000004     rtsv7M4_T_le_v4SPD16_eabi.lib : pre_init.obj (.text)
                  000027f0    00000002                                   : startup.obj (.text)

.const     0    000027f4    00000774     
                  000027f4    000001e0     ov7725.obj (.const:pixel_to_enc_count)
                  000029d4    000001b0     driverlib.lib : sysctl.obj (.const:g_pppui32XTALtoVCO)
                  00002b84    000000c0                   : gpio.obj (.const:g_ppui32GPIOIntMapBlizzard)
                  00002c44    000000c0                   : gpio.obj (.const:g_ppui32GPIOIntMapSnowflake)
                  00002d04    00000090                   : gpio.obj (.const:g_pui32GPIOBaseAddrs)
                  00002d94    00000070                   : interrupt.obj (.const)
                  00002e04    0000006c                   : sysctl.obj (.const:g_pui32Xtals)
                  00002e70    00000060                   : timer.obj (.const:g_ppui32TimerIntMap)
                  00002ed0    00000040                   : timer.obj (.const:g_ppui32TimerIntMapSnowflake)
                  00002f10    00000030                   : sysctl.obj (.const:g_sXTALtoMEMTIM)
                  00002f40    0000001e     ov7725.obj (.const:config)
                  00002f5e    00000002     --HOLE-- [fill = 0]
                  00002f60    00000008     driverlib.lib : sysctl.obj (.const)

.cinit     0    00002f68    00000058     
                  00002f68    00000022     (.cinit..data.load) [load image, compression = lzss]
                  00002f8a    00000002     --HOLE-- [fill = 0]
                  00002f8c    0000000c     (__TI_handler_table)
                  00002f98    00000008     (.cinit..bss.load) [load image, compression = zero_init]
                  00002fa0    00000008     (.cinit..vtable.load) [load image, compression = zero_init]
                  00002fa8    00000018     (__TI_cinit_table)

.init_array 
*          0    00000000    00000000     UNINITIALIZED

.vtable    0    20000000    0000026c     UNINITIALIZED
                  20000000    0000026c     driverlib.lib : interrupt.obj (.vtable)

.data      0    2000026c    00000054     UNINITIALIZED
                  2000026c    00000014     motor.obj (.data:pwm_load_values_backward)
                  20000280    00000014     motor.obj (.data:pwm_load_values_forward)
                  20000294    0000000c     rtsv7M4_T_le_v4SPD16_eabi.lib : exit.obj (.data:$O1$$)
                  200002a0    00000009     motor.obj (.data)
                  200002a9    00000002     main.obj (.data)
                  200002ab    00000001     --HOLE--
                  200002ac    00000008     rtsv7M4_T_le_v4SPD16_eabi.lib : _lock.obj (.data:$O1$$)
                  200002b4    00000008     ov7725.obj (.data)
                  200002bc    00000004     rtsv7M4_T_le_v4SPD16_eabi.lib : stkdepth_vars.obj (.data)

.bss       0    20000400    00025c4c     UNINITIALIZED
                  20000400    00025800     (.common:qvga_frame)
                  20025c00    00000400     hardware.obj (.bss:dma_table)
                  20026000    0000000c     dbg.obj (.bss:buf)
                  2002600c    0000000c     ov7725.obj (.bss)
                  20026018    0000000c     (.common:pui16FIFO)
                  20026024    0000000a     dbg.obj (.bss)
                  2002602e    00000002     --HOLE--
                  20026030    00000008     encoder.obj (.bss)
                  20026038    00000008     motor.obj (.bss)
                  20026040    00000008     (.common:pui8PulsesCrossOverStatus)
                  20026048    00000004     hardware.obj (.bss)

.stack     0    2002604c    00000200     UNINITIALIZED
                  2002604c    00000200     --HOLE--

MODULE SUMMARY

       Module                          code   ro data   rw data
       ------                          ----   -------   -------
    .\source\
       main.obj                        544    0         153622 
       tm4c1294ncpdt_startup_ccs.obj   12     520       0      
    +--+-------------------------------+------+---------+---------+
       Total:                          556    520       153622 
                                                               
    .\source\driver\
       hardware.obj                    2444   0         1028   
       motor.obj                       1620   0         57     
       ov7725.obj                      1140   510       20     
       dbg.obj                         788    0         22     
       encoder.obj                     64     0         8      
    +--+-------------------------------+------+---------+---------+
       Total:                          6056   510       1135   
                                                               
    D:\ti\ccs710\ccsv7\tools\compiler\ti-cgt-arm_16.9.1.LTS\lib\rtsv7M4_T_le_v4SPD16_eabi.lib
       memcpy_t2.obj                   156    0         0      
       memset_t2.obj                   122    0         0      
       autoinit.obj                    112    0         0      
       copy_decompress_lzss.obj        104    0         0      
       exit.obj                        84     0         12     
       boot.obj                        84     0         0      
       cpy_tbl.obj                     76     0         0      
       _lock.obj                       20     0         8      
       args_main.obj                   24     0         0      
       copy_decompress_none.obj        14     0         0      
       copy_zero_init.obj              12     0         0      
       pre_init.obj                    4      0         0      
       stkdepth_vars.obj               0      0         4      
       mpu_init.obj                    2      0         0      
       startup.obj                     2      0         0      
    +--+-------------------------------+------+---------+---------+
       Total:                          816    0         24     
                                                               
    c:/ti/TivaWare_C_Series-2.1.3.156/driverlib/ccs/Debug/driverlib.lib
       sysctl.obj                      710    596       0      
       gpio.obj                        630    528       0      
       interrupt.obj                   188    112       620    
       timer.obj                       366    160       0      
       pwm.obj                         148    0         0      
       i2c.obj                         140    0         0      
       udma.obj                        72     0         0      
       cpu.obj                         24     0         0      
    +--+-------------------------------+------+---------+---------+
       Total:                          2278   1396      620    
                                                               
       Stack:                          0      0         512    
       Linker Generated:               0      86        0      
    +--+-------------------------------+------+---------+---------+
       Grand Total:                    9706   2512      155913 


LINKER GENERATED COPY TABLES

__TI_cinit_table @ 00002fa8 records: 3, size/record: 8, table size: 24
	.data: load addr=00002f68, load size=00000022 bytes, run addr=2000026c, run size=00000054 bytes, compression=lzss
	.bss: load addr=00002f98, load size=00000008 bytes, run addr=20000400, run size=00025c4c bytes, compression=zero_init
	.vtable: load addr=00002fa0, load size=00000008 bytes, run addr=20000000, run size=0000026c bytes, compression=zero_init


LINKER GENERATED HANDLER TABLE

__TI_handler_table @ 00002f8c records: 3, size/record: 4, table size: 12
	index: 0, handler: __TI_zero_init
	index: 1, handler: __TI_decompress_lzss
	index: 2, handler: __TI_decompress_none


GLOBAL SYMBOLS: SORTED ALPHABETICALLY BY Name 

address   name                           
-------   ----                           
000021b9  C$$EXIT                        
0000274f  CPUcpsid                       
0000275b  CPUcpsie                       
00001a3f  CheckEncoderPulses             
00002767  GPIODMATriggerEnable           
000024e9  GPIODirModeSet                 
000027c7  GPIOIntClear                   
00002725  GPIOIntDisable                 
00002773  GPIOIntEnable                  
00002573  GPIOIntRegister                
00001d7d  GPIOPadConfigSet               
000022f1  GPIOPinConfigure               
00002641  GPIOPinTypeI2C                 
00002653  GPIOPinTypeI2CSCL              
00002665  GPIOPinTypePWM                 
00002677  GPIOPinTypeTimer               
000027cd  GPIOPinWrite                   
000027b7  I2CMasterBusy                  
000027d9  I2CMasterControl               
000027dd  I2CMasterDataGet               
000027e1  I2CMasterDataPut               
000027a3  I2CMasterEnable                
000025ed  I2CMasterErr                   
0000220d  I2CMasterInitExpClk            
000027bf  I2CMasterSlaveAddrSet          
000027e5  I2CMasterTimeoutSet            
00002035  IntEnable                      
000026f5  IntMasterDisable               
00002705  IntMasterEnable                
00002481  IntRegister                    
00002619  PWMClockSet                    
00002513  PWMGenConfigure                
0000277f  PWMGenEnable                   
00002689  PWMGenPeriodGet                
00002715  PWMGenPeriodSet                
0000269b  PWMOutputState                 
00002555  PWMPulseWidthSet               
00002797  ResetISR                       
UNDEFED   SHT$$INIT_ARRAY$$Base          
UNDEFED   SHT$$INIT_ARRAY$$Limit         
00001b91  SysCtlClockFreqSet             
000027d3  SysCtlDelay                    
000024b5  SysCtlPeripheralEnable         
00002449  SysCtlPeripheralReady          
00002105  TimerConfigure                 
00002603  TimerControlEvent              
0000258b  TimerControlLevel              
000025a3  TimerControlStall              
000027e9  TimerDMAEventSet               
00002733  TimerEnable                    
000025bb  TimerIntRegister               
000026ad  TimerLoadSet                   
000026bf  TimerMatchSet                  
000026d1  TimerPrescaleMatchSet          
000026e3  TimerPrescaleSet               
000027ad  TimerValueGet                  
00001987  UpdateFIFO                     
2002624c  __STACK_END                    
00000200  __STACK_SIZE                   
2002624c  __STACK_TOP                    
00002fa8  __TI_CINIT_Base                
00002fc0  __TI_CINIT_Limit               
00002f8c  __TI_Handler_Table_Base        
00002f98  __TI_Handler_Table_Limit       
00001fc5  __TI_auto_init                 
20000294  __TI_cleanup_ptr               
0000209d  __TI_decompress_lzss           
00002741  __TI_decompress_none           
20000298  __TI_dtors_ptr                 
2000029c  __TI_enable_exit_profile_output
ffffffff  __TI_pprof_out_hndl            
ffffffff  __TI_prof_data_size            
ffffffff  __TI_prof_data_start           
00000000  __TI_static_base__             
0000278b  __TI_zero_init                 
00001f4b  __aeabi_memclr                 
00001f4b  __aeabi_memclr4                
00001f4b  __aeabi_memclr8                
00001eaf  __aeabi_memcpy                 
00001eaf  __aeabi_memcpy4                
00001eaf  __aeabi_memcpy8                
00001f4d  __aeabi_memset                 
00001f4d  __aeabi_memset4                
00001f4d  __aeabi_memset8                
ffffffff  __binit__                      
ffffffff  __c_args__                     
000025d3  __mpu_init                     
2002604c  __stack                        
000025d5  _args_main                     
00002165  _c_int00                       
200002ac  _lock                          
0000263b  _nop                           
00002633  _register_lock                 
0000262d  _register_unlock               
000027f1  _system_post_cinit             
000027ed  _system_pre_init               
200002b0  _unlock                        
000021bd  abort                          
00000b01  air_jet_handler                
ffffffff  binit                          
200002a8  busy                           
00002f40  config                         
000022a5  copy_in                        
00001ab9  dbg                            
000016ff  dbg_printf                     
00002423  enc_count_handler              
00002421  enc_flag_detection             
0000241b  enc_get_latched_count          
00002409  enc_init                       
0000240b  enc_latch_count                
000021c5  exit                           
20000000  g_pfnRAMVectors                
00000000  g_pfnVectors                   
000015f3  href_handler                   
00000245  hw_all_interrupt_enable        
00000209  hw_basic_init                  
000008ad  hw_delay                       
00000781  hw_dma_set_img                 
0000021d  hw_init                        
000007bd  hw_is_dma_img_complete         
000011b9  is_motor_busy                  
0000086d  led1_off                       
00000855  led1_on                        
00000899  led2_off                       
00000885  led2_on                        
00001971  main                           
200002bc  main_func_sp                   
00001eaf  memcpy                         
00001f53  memset                         
00001041  motor_homing                   
00000ff5  motor_homing_handler           
00000b95  motor_init                     
00000d8b  motor_pulse_count_handler      
00000cb9  motor_ramp_timer_handler       
00000b97  motor_start                    
00000e81  motor_wait_handler             
00001417  ov7725_detect                  
000014ad  ov7725_detect1                 
00001527  ov7725_get_enc_count_adjust    
0000153f  ov7725_get_frame_cnt           
00001219  ov7725_init                    
000013ff  ov7725_is_image_acquired       
00001201  ov7725_pwr_dn                  
0000129d  ov7725_read_reg                
000011e9  ov7725_reset                   
000013e1  ov7725_setup_frame_buf         
0000132f  ov7725_write_reg               
20026018  pui16FIFO                      
20026040  pui8PulsesCrossOverStatus      
20000400  qvga_frame                     
00000ad9  trigger_air_jet                
00002381  uDMAChannelAttributeDisable    
200002a9  ui8FillIndex                   
200002aa  ui8VacateIndex                 
00001595  vsync_handler                  


GLOBAL SYMBOLS: SORTED BY Symbol Address 

address   name                           
-------   ----                           
00000000  __TI_static_base__             
00000000  g_pfnVectors                   
00000200  __STACK_SIZE                   
00000209  hw_basic_init                  
0000021d  hw_init                        
00000245  hw_all_interrupt_enable        
00000781  hw_dma_set_img                 
000007bd  hw_is_dma_img_complete         
00000855  led1_on                        
0000086d  led1_off                       
00000885  led2_on                        
00000899  led2_off                       
000008ad  hw_delay                       
00000ad9  trigger_air_jet                
00000b01  air_jet_handler                
00000b95  motor_init                     
00000b97  motor_start                    
00000cb9  motor_ramp_timer_handler       
00000d8b  motor_pulse_count_handler      
00000e81  motor_wait_handler             
00000ff5  motor_homing_handler           
00001041  motor_homing                   
000011b9  is_motor_busy                  
000011e9  ov7725_reset                   
00001201  ov7725_pwr_dn                  
00001219  ov7725_init                    
0000129d  ov7725_read_reg                
0000132f  ov7725_write_reg               
000013e1  ov7725_setup_frame_buf         
000013ff  ov7725_is_image_acquired       
00001417  ov7725_detect                  
000014ad  ov7725_detect1                 
00001527  ov7725_get_enc_count_adjust    
0000153f  ov7725_get_frame_cnt           
00001595  vsync_handler                  
000015f3  href_handler                   
000016ff  dbg_printf                     
00001971  main                           
00001987  UpdateFIFO                     
00001a3f  CheckEncoderPulses             
00001ab9  dbg                            
00001b91  SysCtlClockFreqSet             
00001d7d  GPIOPadConfigSet               
00001eaf  __aeabi_memcpy                 
00001eaf  __aeabi_memcpy4                
00001eaf  __aeabi_memcpy8                
00001eaf  memcpy                         
00001f4b  __aeabi_memclr                 
00001f4b  __aeabi_memclr4                
00001f4b  __aeabi_memclr8                
00001f4d  __aeabi_memset                 
00001f4d  __aeabi_memset4                
00001f4d  __aeabi_memset8                
00001f53  memset                         
00001fc5  __TI_auto_init                 
00002035  IntEnable                      
0000209d  __TI_decompress_lzss           
00002105  TimerConfigure                 
00002165  _c_int00                       
000021b9  C$$EXIT                        
000021bd  abort                          
000021c5  exit                           
0000220d  I2CMasterInitExpClk            
000022a5  copy_in                        
000022f1  GPIOPinConfigure               
00002381  uDMAChannelAttributeDisable    
00002409  enc_init                       
0000240b  enc_latch_count                
0000241b  enc_get_latched_count          
00002421  enc_flag_detection             
00002423  enc_count_handler              
00002449  SysCtlPeripheralReady          
00002481  IntRegister                    
000024b5  SysCtlPeripheralEnable         
000024e9  GPIODirModeSet                 
00002513  PWMGenConfigure                
00002555  PWMPulseWidthSet               
00002573  GPIOIntRegister                
0000258b  TimerControlLevel              
000025a3  TimerControlStall              
000025bb  TimerIntRegister               
000025d3  __mpu_init                     
000025d5  _args_main                     
000025ed  I2CMasterErr                   
00002603  TimerControlEvent              
00002619  PWMClockSet                    
0000262d  _register_unlock               
00002633  _register_lock                 
0000263b  _nop                           
00002641  GPIOPinTypeI2C                 
00002653  GPIOPinTypeI2CSCL              
00002665  GPIOPinTypePWM                 
00002677  GPIOPinTypeTimer               
00002689  PWMGenPeriodGet                
0000269b  PWMOutputState                 
000026ad  TimerLoadSet                   
000026bf  TimerMatchSet                  
000026d1  TimerPrescaleMatchSet          
000026e3  TimerPrescaleSet               
000026f5  IntMasterDisable               
00002705  IntMasterEnable                
00002715  PWMGenPeriodSet                
00002725  GPIOIntDisable                 
00002733  TimerEnable                    
00002741  __TI_decompress_none           
0000274f  CPUcpsid                       
0000275b  CPUcpsie                       
00002767  GPIODMATriggerEnable           
00002773  GPIOIntEnable                  
0000277f  PWMGenEnable                   
0000278b  __TI_zero_init                 
00002797  ResetISR                       
000027a3  I2CMasterEnable                
000027ad  TimerValueGet                  
000027b7  I2CMasterBusy                  
000027bf  I2CMasterSlaveAddrSet          
000027c7  GPIOIntClear                   
000027cd  GPIOPinWrite                   
000027d3  SysCtlDelay                    
000027d9  I2CMasterControl               
000027dd  I2CMasterDataGet               
000027e1  I2CMasterDataPut               
000027e5  I2CMasterTimeoutSet            
000027e9  TimerDMAEventSet               
000027ed  _system_pre_init               
000027f1  _system_post_cinit             
00002f40  config                         
00002f8c  __TI_Handler_Table_Base        
00002f98  __TI_Handler_Table_Limit       
00002fa8  __TI_CINIT_Base                
00002fc0  __TI_CINIT_Limit               
20000000  g_pfnRAMVectors                
20000294  __TI_cleanup_ptr               
20000298  __TI_dtors_ptr                 
2000029c  __TI_enable_exit_profile_output
200002a8  busy                           
200002a9  ui8FillIndex                   
200002aa  ui8VacateIndex                 
200002ac  _lock                          
200002b0  _unlock                        
200002bc  main_func_sp                   
20000400  qvga_frame                     
20026018  pui16FIFO                      
20026040  pui8PulsesCrossOverStatus      
2002604c  __stack                        
2002624c  __STACK_END                    
2002624c  __STACK_TOP                    
ffffffff  __TI_pprof_out_hndl            
ffffffff  __TI_prof_data_size            
ffffffff  __TI_prof_data_start           
ffffffff  __binit__                      
ffffffff  __c_args__                     
ffffffff  binit                          
UNDEFED   SHT$$INIT_ARRAY$$Base          
UNDEFED   SHT$$INIT_ARRAY$$Limit         

[155 symbols]
