******************************************************************************
                  TI ARM Linker PC v15.12.3                    
******************************************************************************
>> Linked Sun Oct 02 17:23:13 2016

OUTPUT FILE NAME:   <OrientationCamera.out>
ENTRY POINT SYMBOL: "_c_int00"  address: 000003fd


MEMORY CONFIGURATION

         name            origin    length      used     unused   attr    fill
----------------------  --------  ---------  --------  --------  ----  --------
  FLASH                 00000000   00100000  000005b6  000ffa4a  R  X
  SRAM                  20000000   00040000  00000218  0003fde8  RW X


SEGMENT ALLOCATION MAP

run origin  load origin   length   init length attrs members
----------  ----------- ---------- ----------- ----- -------
00000000    00000000    000005b8   000005b8    r-x
  00000000    00000000    00000208   00000208    r-- .intvecs
  00000208    00000208    00000386   00000386    r-x .text
  00000590    00000590    00000028   00000028    r-- .cinit
20000000    20000000    00000218   00000000    rw-
  20000000    20000000    00000200   00000000    rw- .stack
  20000200    20000200    00000018   00000000    rw- .data


SECTION ALLOCATION MAP

 output                                  attributes/
section   page    origin      length       input sections
--------  ----  ----------  ----------   ----------------
.intvecs   0    00000000    00000208     
                  00000000    00000208     tm4c1294ncpdt_startup_ccs.obj (.intvecs)

.text      0    00000208    00000386     
                  00000208    0000009c     rtsv7M4_T_le_v4SPD16_eabi.lib : memcpy_t2.obj (.text)
                  000002a4    0000007a                                   : memset_t2.obj (.text)
                  0000031e    00000002                                   : mpu_init.obj (.text)
                  00000320    00000070                                   : autoinit.obj (.text)
                  00000390    0000006a                                   : copy_decompress_rle.obj (.text)
                  000003fa    00000002                                   : startup.obj (.text)
                  000003fc    00000054                                   : boot.obj (.text)
                  00000450    00000054                                   : exit.obj (.text)
                  000004a4    0000004c                                   : cpy_tbl.obj (.text)
                  000004f0    00000034     driverlib.lib : sysctl.obj (.text:SysCtlPeripheralEnable)
                  00000524    00000018     rtsv7M4_T_le_v4SPD16_eabi.lib : args_main.obj (.text)
                  0000053c    00000014                                   : _lock.obj (.text)
                  00000550    00000010     hardware.obj (.text)
                  00000560    0000000e     rtsv7M4_T_le_v4SPD16_eabi.lib : copy_decompress_none.obj (.text:decompress:none)
                  0000056e    0000000c     tm4c1294ncpdt_startup_ccs.obj (.text)
                  0000057a    0000000a     main.obj (.text)
                  00000584    00000006     rtsv7M4_T_le_v4SPD16_eabi.lib : copy_decompress_rle.obj (.text:decompress:rle24)
                  0000058a    00000004                                   : pre_init.obj (.text)

.cinit     0    00000590    00000028     
                  00000590    00000016     (.cinit..data.load) [load image, compression = rle]
                  000005a6    00000002     --HOLE-- [fill = 0]
                  000005a8    00000008     (__TI_handler_table)
                  000005b0    00000008     (__TI_cinit_table)

.init_array 
*          0    00000000    00000000     UNINITIALIZED

.stack     0    20000000    00000200     UNINITIALIZED
                  20000000    00000200     --HOLE--

.data      0    20000200    00000018     UNINITIALIZED
                  20000200    0000000c     rtsv7M4_T_le_v4SPD16_eabi.lib : exit.obj (.data:$O1$$)
                  2000020c    00000008                                   : _lock.obj (.data:$O1$$)
                  20000214    00000004                                   : stkdepth_vars.obj (.data)

MODULE SUMMARY

       Module                          code   ro data   rw data
       ------                          ----   -------   -------
    .\source\
       tm4c1294ncpdt_startup_ccs.obj   12     520       0      
       main.obj                        10     0         0      
    +--+-------------------------------+------+---------+---------+
       Total:                          22     520       0      
                                                               
    .\source\driver\
       hardware.obj                    16     0         0      
    +--+-------------------------------+------+---------+---------+
       Total:                          16     0         0      
                                                               
    E:/TI/TivaWare_C_Series-2.1.3.156/driverlib/ccs/Debug/driverlib.lib
       sysctl.obj                      52     0         0      
    +--+-------------------------------+------+---------+---------+
       Total:                          52     0         0      
                                                               
    E:\TI\ccsv6\tools\compiler\arm_15.12.3.LTS\lib\rtsv7M4_T_le_v4SPD16_eabi.lib
       memcpy_t2.obj                   156    0         0      
       memset_t2.obj                   122    0         0      
       autoinit.obj                    112    0         0      
       copy_decompress_rle.obj         112    0         0      
       exit.obj                        84     0         12     
       boot.obj                        84     0         0      
       cpy_tbl.obj                     76     0         0      
       _lock.obj                       20     0         8      
       args_main.obj                   24     0         0      
       copy_decompress_none.obj        14     0         0      
       pre_init.obj                    4      0         0      
       stkdepth_vars.obj               0      0         4      
       mpu_init.obj                    2      0         0      
       startup.obj                     2      0         0      
    +--+-------------------------------+------+---------+---------+
       Total:                          812    0         24     
                                                               
       Stack:                          0      0         512    
       Linker Generated:               0      38        0      
    +--+-------------------------------+------+---------+---------+
       Grand Total:                    902    558       536    


LINKER GENERATED COPY TABLES

__TI_cinit_table @ 000005b0 records: 1, size/record: 8, table size: 8
	.data: load addr=00000590, load size=00000016 bytes, run addr=20000200, run size=00000018 bytes, compression=rle


LINKER GENERATED HANDLER TABLE

__TI_handler_table @ 000005a8 records: 2, size/record: 4, table size: 8
	index: 0, handler: __TI_decompress_rle24
	index: 1, handler: __TI_decompress_none


GLOBAL SYMBOLS: SORTED ALPHABETICALLY BY Name 

address   name                           
-------   ----                           
00000451  C$$EXIT                        
0000056f  ResetISR                       
UNDEFED   SHT$$INIT_ARRAY$$Base          
UNDEFED   SHT$$INIT_ARRAY$$Limit         
000004f1  SysCtlPeripheralEnable         
20000200  __STACK_END                    
00000200  __STACK_SIZE                   
20000200  __STACK_TOP                    
000005b0  __TI_CINIT_Base                
000005b8  __TI_CINIT_Limit               
000005a8  __TI_Handler_Table_Base        
000005b0  __TI_Handler_Table_Limit       
00000321  __TI_auto_init                 
20000200  __TI_cleanup_ptr               
00000561  __TI_decompress_none           
00000585  __TI_decompress_rle24          
20000204  __TI_dtors_ptr                 
20000208  __TI_enable_exit_profile_output
ffffffff  __TI_pprof_out_hndl            
ffffffff  __TI_prof_data_size            
ffffffff  __TI_prof_data_start           
00000000  __TI_static_base__             
000002a5  __aeabi_memclr                 
000002a5  __aeabi_memclr4                
000002a5  __aeabi_memclr8                
00000209  __aeabi_memcpy                 
00000209  __aeabi_memcpy4                
00000209  __aeabi_memcpy8                
000002a7  __aeabi_memset                 
000002a7  __aeabi_memset4                
000002a7  __aeabi_memset8                
ffffffff  __binit__                      
ffffffff  __c_args__                     
0000031f  __mpu_init                     
20000000  __stack                        
00000525  _args_main                     
000003fd  _c_int00                       
2000020c  _lock                          
0000054b  _nop                           
00000543  _register_lock                 
0000053d  _register_unlock               
000003fb  _system_post_cinit             
0000058b  _system_pre_init               
20000210  _unlock                        
00000455  abort                          
ffffffff  binit                          
000004a5  copy_in                        
0000045d  exit                           
00000000  g_pfnVectors                   
00000551  hw_init                        
0000057b  main                           
20000214  main_func_sp                   
00000209  memcpy                         
000002ad  memset                         


GLOBAL SYMBOLS: SORTED BY Symbol Address 

address   name                           
-------   ----                           
00000000  __TI_static_base__             
00000000  g_pfnVectors                   
00000200  __STACK_SIZE                   
00000209  __aeabi_memcpy                 
00000209  __aeabi_memcpy4                
00000209  __aeabi_memcpy8                
00000209  memcpy                         
000002a5  __aeabi_memclr                 
000002a5  __aeabi_memclr4                
000002a5  __aeabi_memclr8                
000002a7  __aeabi_memset                 
000002a7  __aeabi_memset4                
000002a7  __aeabi_memset8                
000002ad  memset                         
0000031f  __mpu_init                     
00000321  __TI_auto_init                 
000003fb  _system_post_cinit             
000003fd  _c_int00                       
00000451  C$$EXIT                        
00000455  abort                          
0000045d  exit                           
000004a5  copy_in                        
000004f1  SysCtlPeripheralEnable         
00000525  _args_main                     
0000053d  _register_unlock               
00000543  _register_lock                 
0000054b  _nop                           
00000551  hw_init                        
00000561  __TI_decompress_none           
0000056f  ResetISR                       
0000057b  main                           
00000585  __TI_decompress_rle24          
0000058b  _system_pre_init               
000005a8  __TI_Handler_Table_Base        
000005b0  __TI_CINIT_Base                
000005b0  __TI_Handler_Table_Limit       
000005b8  __TI_CINIT_Limit               
20000000  __stack                        
20000200  __STACK_END                    
20000200  __STACK_TOP                    
20000200  __TI_cleanup_ptr               
20000204  __TI_dtors_ptr                 
20000208  __TI_enable_exit_profile_output
2000020c  _lock                          
20000210  _unlock                        
20000214  main_func_sp                   
ffffffff  __TI_pprof_out_hndl            
ffffffff  __TI_prof_data_size            
ffffffff  __TI_prof_data_start           
ffffffff  __binit__                      
ffffffff  __c_args__                     
ffffffff  binit                          
UNDEFED   SHT$$INIT_ARRAY$$Base          
UNDEFED   SHT$$INIT_ARRAY$$Limit         

[54 symbols]
